Before formatting - avg_len: 50.00001, type: <class 'float'>
name           min_len    max_len    avg_len    num_seqs
inputs/1.fa         50         50      50.00           1
