Before formatting - avg_len: 0.0, type: <class 'float'>
name               min_len    max_len    avg_len    num_seqs
inputs/empty.fa       0.00       0.00       0.00           0
